// Jest Snapshot v1, https://goo.gl/fbAQLP

exports[`<Main /> should render the heading 1`] = `
<main
  class="styles__Wrapper-dzx1ao-0 dUHMmk"
>
  <img
    alt="React avanÃ§ado logo"
    class="styles__Logo-dzx1ao-1 eDTMH"
    src="img/logo.svg"
  />
  <h1
    class="styles__Title-dzx1ao-2 NVLSh"
  >
    react av
  </h1>
  <h2
    class="styles__Description-dzx1ao-3 fzjVtK"
  >
    Curso React
  </h2>
  <img
    alt="Programador de frente pra um pc"
    class="styles__Illustration-dzx1ao-4 dgBUrn"
    src="img/hero-illustration.svg"
  />
</main>
`;
